{
  "ParseFailedCount": 4,
  "NewMeterReadings": []
}