{
  "ParseFailedCount": 0,
  "NewMeterReadings": [
    {
      "Id": 0,
      "Account": null,
      "AccountId": 2344,
      "DateTime": "2019-04-22T09:24:00+01:00",
      "Value": 1002
    },
    {
      "Id": 0,
      "Account": null,
      "AccountId": 2233,
      "DateTime": "2019-04-22T12:25:00+01:00",
      "Value": 323
    },
    {
      "Id": 0,
      "Account": null,
      "AccountId": 8766,
      "DateTime": "2019-04-22T12:25:00+01:00",
      "Value": 3440
    },
    {
      "Id": 0,
      "Account": null,
      "AccountId": 8766,
      "DateTime": "2019-04-22T12:25:00+01:00",
      "Value": 1
    }
  ]
}